2024-03-08 10:48:54,673 - INFO - Starting SNMP scanner...
2024-03-08 10:48:54,673 - INFO - Operating in OFFLINE mode. Using local configuration.
2024-03-08 10:48:54,673 - INFO - Local SNMP configuration parsed successfully
2024-03-08 10:48:54,673 - INFO - Starting network scan...
2024-03-08 10:49:24,885 - INFO - Starting SNMP scanner...
2024-03-08 10:49:25,019 - INFO - Authentication token retrieved successfully
2024-03-08 10:49:25,026 - INFO - SNMP configuration retrieved successfully from OCS server
2024-03-08 10:49:29,995 - INFO - SNMP configuration parsed successfully
2024-03-08 10:49:29,995 - INFO - Starting network scan...
2024-03-08 10:49:29,996 - INFO - Starting advanced scan based on templates...
2024-03-08 10:49:29,996 - INFO - Sending data to OCS...
2024-03-08 10:49:29,996 - INFO - Scan complete. Found a total of 0 devices
2024-03-08 10:51:06,412 - INFO - Starting SNMP scanner...
2024-03-08 10:51:06,546 - INFO - Authentication token retrieved successfully
2024-03-08 10:51:06,553 - INFO - SNMP configuration retrieved successfully from OCS server
2024-03-08 10:51:06,554 - INFO - SNMP configuration parsed successfully
2024-03-08 10:51:06,554 - INFO - Starting network scan...
2024-03-08 10:51:58,787 - INFO - Starting SNMP scanner...
2024-03-08 10:51:58,929 - INFO - Authentication token retrieved successfully
2024-03-08 10:51:58,935 - INFO - SNMP configuration retrieved successfully from OCS server
2024-03-08 10:52:12,259 - INFO - SNMP configuration parsed successfully
2024-03-08 10:52:12,259 - INFO - Starting network scan...
2024-03-08 10:52:24,980 - INFO - Starting SNMP scanner...
2024-03-08 10:52:24,983 - DEBUG - Starting new HTTP connection (1): 127.0.0.1:8000
2024-03-08 10:52:25,118 - DEBUG - http://127.0.0.1:8000 "POST /api-auth/token HTTP/1.1" 200 52
2024-03-08 10:52:25,118 - INFO - Authentication token retrieved successfully
2024-03-08 10:52:25,120 - DEBUG - Starting new HTTP connection (1): 127.0.0.1:8000
2024-03-08 10:52:25,125 - DEBUG - http://127.0.0.1:8000 "GET /config/snmp/ HTTP/1.1" 200 2787
2024-03-08 10:52:25,125 - INFO - SNMP configuration retrieved successfully from OCS server
2024-03-08 10:52:27,217 - INFO - SNMP configuration parsed successfully
2024-03-08 10:52:27,217 - INFO - Starting network scan...
2024-03-08 10:52:27,217 - DEBUG - ======== Scanning 172.18.15.182 with community 'public' ========
2024-03-08 10:52:27,218 - DEBUG - Getting OID 1.3.6.1.2.1.1.1.0...
2024-03-08 10:52:31,380 - DEBUG - Error: No SNMP response received before timeout
2024-03-08 10:52:31,381 - DEBUG - Getting OID 1.3.6.1.2.1.1.5.0...
2024-03-08 10:52:35,543 - DEBUG - Error: No SNMP response received before timeout
2024-03-08 10:52:35,543 - DEBUG - Getting OID 1.3.6.1.2.1.2.2.1.6.1...
2024-03-08 10:52:39,677 - DEBUG - Error: No SNMP response received before timeout
2024-03-08 10:52:39,677 - DEBUG - Getting OID 1.3.6.1.2.1.47.1.1.1.1.11.1...
2024-03-08 10:52:43,805 - DEBUG - Error: No SNMP response received before timeout
2024-03-08 10:52:43,806 - DEBUG - ======== Scanning 172.18.15.245 with community 'public' ========
2024-03-08 10:52:43,806 - DEBUG - Getting OID 1.3.6.1.2.1.1.1.0...
2024-03-08 10:52:43,932 - DEBUG - OID: 1.3.6.1.2.1.1.1.0 - SNMPv2-MIB::sysDescr.0 = HP ETHERNET MULTI-ENVIRONMENT,SN:CNB9JD17LW,FN:VW7199D,SVCID:27023,PID:HP LaserJet 500 colorMFP M570dn
2024-03-08 10:52:43,933 - DEBUG - Getting OID 1.3.6.1.2.1.1.5.0...
2024-03-08 10:52:44,063 - DEBUG - OID: 1.3.6.1.2.1.1.5.0 - SNMPv2-MIB::sysName.0 = NPIA634B0
2024-03-08 10:52:44,063 - DEBUG - Getting OID 1.3.6.1.2.1.2.2.1.6.1...
2024-03-08 10:52:44,189 - DEBUG - OID: 1.3.6.1.2.1.2.2.1.6.1 - SNMPv2-SMI::mib-2.2.2.1.6.1 = 
2024-03-08 10:52:44,189 - DEBUG - Getting OID 1.3.6.1.2.1.47.1.1.1.1.11.1...
2024-03-08 10:52:44,310 - DEBUG - OID: 1.3.6.1.2.1.47.1.1.1.1.11.1 - SNMPv2-SMI::mib-2.47.1.1.1.1.11.1 = No Such Object currently exists at this OID
2024-03-08 10:52:44,310 - DEBUG - ======== Scanning 192.168.1.3 with community 'public' ========
2024-03-08 10:52:44,310 - DEBUG - Getting OID 1.3.6.1.2.1.1.1.0...
2024-03-08 10:52:46,454 - DEBUG - Error: No SNMP response received before timeout
2024-03-08 10:52:46,455 - DEBUG - Getting OID 1.3.6.1.2.1.1.5.0...
2024-03-08 10:52:48,594 - DEBUG - Error: No SNMP response received before timeout
2024-03-08 10:52:48,594 - DEBUG - Getting OID 1.3.6.1.2.1.2.2.1.6.1...
2024-03-08 10:52:50,714 - DEBUG - Error: No SNMP response received before timeout
2024-03-08 10:52:50,715 - DEBUG - Getting OID 1.3.6.1.2.1.47.1.1.1.1.11.1...
2024-03-08 10:52:52,830 - DEBUG - Error: No SNMP response received before timeout
2024-03-08 10:52:52,831 - DEBUG - ======== Scanning 192.168.1.4 with community 'public' ========
2024-03-08 10:52:52,831 - DEBUG - Getting OID 1.3.6.1.2.1.1.1.0...
2024-03-08 10:52:54,978 - DEBUG - Error: No SNMP response received before timeout
2024-03-08 10:52:54,979 - DEBUG - Getting OID 1.3.6.1.2.1.1.5.0...
2024-03-08 10:52:57,099 - DEBUG - Error: No SNMP response received before timeout
2024-03-08 10:52:57,099 - DEBUG - Getting OID 1.3.6.1.2.1.2.2.1.6.1...
2024-03-08 10:52:59,218 - DEBUG - Error: No SNMP response received before timeout
2024-03-08 10:52:59,219 - DEBUG - Getting OID 1.3.6.1.2.1.47.1.1.1.1.11.1...
2024-03-08 10:53:01,376 - DEBUG - Error: No SNMP response received before timeout
2024-03-08 10:53:01,376 - DEBUG - ======== Scanning 192.168.1.5 with community 'public' ========
2024-03-08 10:53:01,376 - DEBUG - Getting OID 1.3.6.1.2.1.1.1.0...
2024-03-08 10:53:03,502 - DEBUG - Error: No SNMP response received before timeout
2024-03-08 10:53:03,503 - DEBUG - Getting OID 1.3.6.1.2.1.1.5.0...
2024-03-08 10:53:05,636 - DEBUG - Error: No SNMP response received before timeout
2024-03-08 10:53:05,636 - DEBUG - Getting OID 1.3.6.1.2.1.2.2.1.6.1...
2024-03-08 10:53:07,767 - DEBUG - Error: No SNMP response received before timeout
2024-03-08 10:53:07,768 - DEBUG - Getting OID 1.3.6.1.2.1.47.1.1.1.1.11.1...
2024-03-08 10:53:09,920 - DEBUG - Error: No SNMP response received before timeout
2024-03-08 10:53:09,920 - DEBUG - ======== Scanning 192.168.1.6 with community 'public' ========
2024-03-08 10:53:09,920 - DEBUG - Getting OID 1.3.6.1.2.1.1.1.0...
2024-03-08 10:53:12,044 - DEBUG - Error: No SNMP response received before timeout
2024-03-08 10:53:12,044 - DEBUG - Getting OID 1.3.6.1.2.1.1.5.0...
2024-03-08 10:53:14,167 - DEBUG - Error: No SNMP response received before timeout
2024-03-08 10:53:14,168 - DEBUG - Getting OID 1.3.6.1.2.1.2.2.1.6.1...
2024-03-08 10:53:16,292 - DEBUG - Error: No SNMP response received before timeout
2024-03-08 10:53:16,292 - DEBUG - Getting OID 1.3.6.1.2.1.47.1.1.1.1.11.1...
2024-03-08 10:53:18,439 - DEBUG - Error: No SNMP response received before timeout
2024-03-08 10:53:18,444 - DEBUG - Starting new HTTP connection (1): 127.0.0.1:8000
2024-03-08 10:53:18,453 - DEBUG - http://127.0.0.1:8000 "GET /asset/bases/?uuid=NPIA634B0-172.18.15.245 HTTP/1.1" 200 385
2024-03-08 10:53:18,454 - DEBUG - Starting new HTTP connection (1): 127.0.0.1:8000
2024-03-08 10:53:18,461 - DEBUG - http://127.0.0.1:8000 "GET /templates/2 HTTP/1.1" 301 None
2024-03-08 10:53:18,462 - DEBUG - Resetting dropped connection: 127.0.0.1
2024-03-08 10:53:18,471 - DEBUG - http://127.0.0.1:8000 "GET /templates/2/ HTTP/1.1" 200 608
2024-03-08 10:53:18,471 - INFO - Starting advanced scan based on templates...
2024-03-08 10:53:18,472 - DEBUG - ======== Advance scanning 172.18.15.182 with community 'public' ========
2024-03-08 10:53:18,472 - DEBUG - ======== Advance scanning 172.18.15.245 with community 'public' ========
2024-03-08 10:53:18,472 - DEBUG - Getting OID 1.3.6.1.2.1.1.5.0...
2024-03-08 10:53:18,595 - DEBUG - OID: 1.3.6.1.2.1.1.5.0 - SNMPv2-MIB::sysName.0 = NPIA634B0
2024-03-08 10:53:18,595 - DEBUG - Getting OID 1.3.6.1.2.1.4.20.1.1...
2024-03-08 10:53:18,734 - DEBUG - OID: 1.3.6.1.2.1.4.20.1.1 - SNMPv2-SMI::mib-2.4.20.1.1 = No Such Instance currently exists at this OID
2024-03-08 10:53:18,734 - DEBUG - ======== Advance scanning 192.168.1.3 with community 'public' ========
2024-03-08 10:53:18,734 - DEBUG - ======== Advance scanning 192.168.1.4 with community 'public' ========
2024-03-08 10:53:18,734 - DEBUG - ======== Advance scanning 192.168.1.5 with community 'public' ========
2024-03-08 10:53:18,734 - DEBUG - ======== Advance scanning 192.168.1.6 with community 'public' ========
2024-03-08 10:53:18,734 - INFO - Sending data to OCS...
2024-03-08 10:53:18,735 - DEBUG - Starting new HTTP connection (1): 127.0.0.1:8000
2024-03-08 10:53:18,791 - DEBUG - http://127.0.0.1:8000 "PUT /asset/collection/ HTTP/1.1" 200 44
2024-03-08 10:53:18,793 - DEBUG - PUTing device : {'name': 'NPIA634B0', 'description': 'HP ETHERNET MULTI-ENVIRONMENT,SN:CNB9JD17LW,FN:VW7199D,SVCID:27023,PID:HP LaserJet 500 colorMFP M570dn', 'serial': 'No Such Object currently exists at this OID', 'osname': 'SNMP', 'osversion': 'TEST', 'uuid': 'NPIA634B0-172.18.15.245', 'srcip': '172.18.15.245', 'srcmac': 'TEST', 'domain': 'TEST', 'template_inventory': {'NAME': [{'NAME': 'NPIA634B0', 'IpAddress': 'No Such Instance currently exists at this OID'}]}}
2024-03-08 10:53:18,793 - INFO - Device NPIA634B0-172.18.15.245 created/updated successfully
2024-03-08 10:53:18,793 - INFO - Scan complete. Found a total of 1 devices
2024-03-08 10:55:55,951 - INFO - Starting SNMP scanner...
2024-03-08 10:55:55,951 - INFO - Operating in OFFLINE mode. Using local configuration.
2024-03-08 10:55:55,951 - INFO - Local SNMP configuration parsed successfully
2024-03-08 10:55:55,951 - INFO - Starting network scan...
2024-03-08 10:55:55,951 - DEBUG - ======== Scanning 172.18.15.245 with community 'public' ========
2024-03-08 10:55:55,951 - DEBUG - Getting OID 1.3.6.1.2.1.1.1.0...
2024-03-08 10:55:56,078 - DEBUG - OID: 1.3.6.1.2.1.1.1.0 - SNMPv2-MIB::sysDescr.0 = HP ETHERNET MULTI-ENVIRONMENT,SN:CNB9JD17LW,FN:VW7199D,SVCID:27023,PID:HP LaserJet 500 colorMFP M570dn
2024-03-08 10:55:56,079 - DEBUG - Getting OID 1.3.6.1.2.1.1.5.0...
2024-03-08 10:55:56,195 - DEBUG - OID: 1.3.6.1.2.1.1.5.0 - SNMPv2-MIB::sysName.0 = NPIA634B0
2024-03-08 10:55:56,195 - DEBUG - Getting OID 1.3.6.1.2.1.2.2.1.6.1...
2024-03-08 10:55:56,328 - DEBUG - OID: 1.3.6.1.2.1.2.2.1.6.1 - SNMPv2-SMI::mib-2.2.2.1.6.1 = 
2024-03-08 10:55:56,328 - DEBUG - Getting OID 1.3.6.1.2.1.47.1.1.1.1.11.1...
2024-03-08 10:55:56,453 - DEBUG - OID: 1.3.6.1.2.1.47.1.1.1.1.11.1 - SNMPv2-SMI::mib-2.47.1.1.1.1.11.1 = No Such Object currently exists at this OID
2024-03-08 10:55:56,453 - DEBUG - ======== Scanning 192.168.1.8 with community 'public' ========
2024-03-08 10:55:56,453 - DEBUG - Getting OID 1.3.6.1.2.1.1.1.0...
2024-03-08 10:55:58,590 - DEBUG - Error: No SNMP response received before timeout
2024-03-08 10:55:58,590 - DEBUG - Getting OID 1.3.6.1.2.1.1.5.0...
2024-03-08 10:56:00,715 - DEBUG - Error: No SNMP response received before timeout
2024-03-08 10:56:00,716 - DEBUG - Getting OID 1.3.6.1.2.1.2.2.1.6.1...
2024-03-08 10:56:02,866 - DEBUG - Error: No SNMP response received before timeout
2024-03-08 10:56:02,866 - DEBUG - Getting OID 1.3.6.1.2.1.47.1.1.1.1.11.1...
2024-03-08 10:56:05,002 - DEBUG - Error: No SNMP response received before timeout
2024-03-08 10:56:05,002 - DEBUG - ======== Scanning 192.168.1.3 with community 'private' ========
2024-03-08 10:56:05,002 - DEBUG - Getting OID 1.3.6.1.2.1.1.1.0...
2024-03-08 10:56:06,112 - DEBUG - Error: No SNMP response received before timeout
2024-03-08 10:56:06,112 - DEBUG - Getting OID 1.3.6.1.2.1.1.5.0...
2024-03-08 10:56:07,263 - DEBUG - Error: No SNMP response received before timeout
2024-03-08 10:56:07,263 - DEBUG - Getting OID 1.3.6.1.2.1.2.2.1.6.1...
2024-03-08 10:56:08,382 - DEBUG - Error: No SNMP response received before timeout
2024-03-08 10:56:08,383 - DEBUG - Getting OID 1.3.6.1.2.1.47.1.1.1.1.11.1...
2024-03-08 10:56:09,494 - DEBUG - Error: No SNMP response received before timeout
2024-03-08 10:56:09,494 - DEBUG - ======== Scanning 192.168.1.4 with community 'private' ========
2024-03-08 10:56:09,495 - DEBUG - Getting OID 1.3.6.1.2.1.1.1.0...
2024-03-08 10:56:10,615 - DEBUG - Error: No SNMP response received before timeout
2024-03-08 10:56:10,616 - DEBUG - Getting OID 1.3.6.1.2.1.1.5.0...
2024-03-08 10:56:11,758 - DEBUG - Error: No SNMP response received before timeout
2024-03-08 10:56:11,759 - DEBUG - Getting OID 1.3.6.1.2.1.2.2.1.6.1...
2024-03-08 10:56:12,883 - DEBUG - Error: No SNMP response received before timeout
2024-03-08 10:56:12,883 - DEBUG - Getting OID 1.3.6.1.2.1.47.1.1.1.1.11.1...
2024-03-08 10:56:14,008 - DEBUG - Error: No SNMP response received before timeout
2024-03-08 10:56:14,008 - DEBUG - ======== Scanning 192.168.1.5 with community 'private' ========
2024-03-08 10:56:14,008 - DEBUG - Getting OID 1.3.6.1.2.1.1.1.0...
2024-03-08 10:56:15,119 - DEBUG - Error: No SNMP response received before timeout
2024-03-08 10:56:15,120 - DEBUG - Getting OID 1.3.6.1.2.1.1.5.0...
2024-03-08 10:56:16,263 - DEBUG - Error: No SNMP response received before timeout
2024-03-08 10:56:16,263 - DEBUG - Getting OID 1.3.6.1.2.1.2.2.1.6.1...
2024-03-08 10:56:17,388 - DEBUG - Error: No SNMP response received before timeout
2024-03-08 10:56:17,389 - DEBUG - Getting OID 1.3.6.1.2.1.47.1.1.1.1.11.1...
2024-03-08 10:56:18,515 - DEBUG - Error: No SNMP response received before timeout
2024-03-08 10:56:18,515 - DEBUG - ======== Scanning 192.168.1.6 with community 'private' ========
2024-03-08 10:56:18,516 - DEBUG - Getting OID 1.3.6.1.2.1.1.1.0...
2024-03-08 10:56:19,654 - DEBUG - Error: No SNMP response received before timeout
2024-03-08 10:56:19,654 - DEBUG - Getting OID 1.3.6.1.2.1.1.5.0...
2024-03-08 10:56:20,785 - DEBUG - Error: No SNMP response received before timeout
2024-03-08 10:56:20,785 - DEBUG - Getting OID 1.3.6.1.2.1.2.2.1.6.1...
2024-03-08 10:56:21,915 - DEBUG - Error: No SNMP response received before timeout
2024-03-08 10:56:21,915 - DEBUG - Getting OID 1.3.6.1.2.1.47.1.1.1.1.11.1...
2024-03-08 10:56:23,038 - DEBUG - Error: No SNMP response received before timeout
2024-03-08 10:56:23,040 - INFO - Device NPIA634B0-172.18.15.245 stored locally
2024-03-08 10:56:23,040 - INFO - Inventories stored locally in /home/lea/dev/Django/OCSInventory-Server-Backend-Rework/tools/SnmpScanner/files. Scan complete. Found a total of 1 devices.
2024-03-08 11:20:41,279 - INFO - Starting SNMP scanner...
2024-03-08 11:20:41,279 - INFO - Operating in OFFLINE mode. Using local configuration.
2024-03-08 11:20:41,280 - INFO - Local SNMP configuration parsed successfully
2024-03-08 11:20:41,280 - INFO - Starting network scan...
2024-03-08 11:20:41,280 - DEBUG - ======== Scanning 172.18.15.245 with community 'public' ========
2024-03-08 11:20:41,280 - DEBUG - Getting OID 1.3.6.1.2.1.1.1.0...
2024-03-08 11:20:41,400 - DEBUG - OID: 1.3.6.1.2.1.1.1.0 - SNMPv2-MIB::sysDescr.0 = HP ETHERNET MULTI-ENVIRONMENT,SN:CNB9JD17LW,FN:VW7199D,SVCID:27023,PID:HP LaserJet 500 colorMFP M570dn
2024-03-08 11:20:41,400 - DEBUG - Getting OID 1.3.6.1.2.1.1.5.0...
2024-03-08 11:20:41,509 - DEBUG - OID: 1.3.6.1.2.1.1.5.0 - SNMPv2-MIB::sysName.0 = NPIA634B0
2024-03-08 11:20:41,509 - DEBUG - Getting OID 1.3.6.1.2.1.2.2.1.6.1...
2024-03-08 11:20:41,634 - DEBUG - OID: 1.3.6.1.2.1.2.2.1.6.1 - SNMPv2-SMI::mib-2.2.2.1.6.1 = 
2024-03-08 11:20:41,634 - DEBUG - Getting OID 1.3.6.1.2.1.47.1.1.1.1.11.1...
2024-03-08 11:20:41,756 - DEBUG - OID: 1.3.6.1.2.1.47.1.1.1.1.11.1 - SNMPv2-SMI::mib-2.47.1.1.1.1.11.1 = No Such Object currently exists at this OID
2024-03-08 11:20:41,756 - DEBUG - ======== Scanning 192.168.1.8 with community 'public' ========
2024-03-08 11:20:41,756 - DEBUG - Getting OID 1.3.6.1.2.1.1.1.0...
2024-03-08 11:20:43,912 - DEBUG - Error: No SNMP response received before timeout
2024-03-08 11:20:43,912 - DEBUG - Getting OID 1.3.6.1.2.1.1.5.0...
2024-03-08 11:20:46,030 - DEBUG - Error: No SNMP response received before timeout
2024-03-08 11:20:46,030 - DEBUG - Getting OID 1.3.6.1.2.1.2.2.1.6.1...
2024-03-08 11:20:48,171 - DEBUG - Error: No SNMP response received before timeout
2024-03-08 11:20:48,172 - DEBUG - Getting OID 1.3.6.1.2.1.47.1.1.1.1.11.1...
2024-03-08 11:20:50,294 - DEBUG - Error: No SNMP response received before timeout
2024-03-08 11:20:50,295 - DEBUG - ======== Scanning 192.168.1.3 with community 'private' ========
2024-03-08 11:20:50,295 - DEBUG - Getting OID 1.3.6.1.2.1.1.1.0...
2024-03-08 11:20:51,408 - DEBUG - Error: No SNMP response received before timeout
2024-03-08 11:20:51,408 - DEBUG - Getting OID 1.3.6.1.2.1.1.5.0...
2024-03-08 11:20:52,543 - DEBUG - Error: No SNMP response received before timeout
2024-03-08 11:20:52,543 - DEBUG - Getting OID 1.3.6.1.2.1.2.2.1.6.1...
2024-03-08 11:20:53,676 - DEBUG - Error: No SNMP response received before timeout
2024-03-08 11:20:53,676 - DEBUG - Getting OID 1.3.6.1.2.1.47.1.1.1.1.11.1...
2024-03-08 11:20:54,791 - DEBUG - Error: No SNMP response received before timeout
2024-03-08 11:20:54,792 - DEBUG - ======== Scanning 192.168.1.4 with community 'private' ========
2024-03-08 11:20:54,792 - DEBUG - Getting OID 1.3.6.1.2.1.1.1.0...
2024-03-08 11:20:55,903 - DEBUG - Error: No SNMP response received before timeout
2024-03-08 11:20:55,903 - DEBUG - Getting OID 1.3.6.1.2.1.1.5.0...
2024-03-08 11:20:57,039 - DEBUG - Error: No SNMP response received before timeout
2024-03-08 11:20:57,040 - DEBUG - Getting OID 1.3.6.1.2.1.2.2.1.6.1...
2024-03-08 11:20:58,147 - DEBUG - Error: No SNMP response received before timeout
2024-03-08 11:20:58,147 - DEBUG - Getting OID 1.3.6.1.2.1.47.1.1.1.1.11.1...
2024-03-08 11:20:59,255 - DEBUG - Error: No SNMP response received before timeout
2024-03-08 11:20:59,256 - DEBUG - ======== Scanning 192.168.1.5 with community 'private' ========
2024-03-08 11:20:59,256 - DEBUG - Getting OID 1.3.6.1.2.1.1.1.0...
2024-03-08 11:21:00,370 - DEBUG - Error: No SNMP response received before timeout
2024-03-08 11:21:00,370 - DEBUG - Getting OID 1.3.6.1.2.1.1.5.0...
2024-03-08 11:21:01,515 - DEBUG - Error: No SNMP response received before timeout
2024-03-08 11:21:01,516 - DEBUG - Getting OID 1.3.6.1.2.1.2.2.1.6.1...
2024-03-08 11:21:02,661 - DEBUG - Error: No SNMP response received before timeout
2024-03-08 11:21:02,662 - DEBUG - Getting OID 1.3.6.1.2.1.47.1.1.1.1.11.1...
2024-03-08 11:21:03,791 - DEBUG - Error: No SNMP response received before timeout
2024-03-08 11:21:03,791 - DEBUG - ======== Scanning 192.168.1.6 with community 'private' ========
2024-03-08 11:21:03,791 - DEBUG - Getting OID 1.3.6.1.2.1.1.1.0...
2024-03-08 11:21:04,935 - DEBUG - Error: No SNMP response received before timeout
2024-03-08 11:21:04,935 - DEBUG - Getting OID 1.3.6.1.2.1.1.5.0...
2024-03-08 11:21:06,053 - DEBUG - Error: No SNMP response received before timeout
2024-03-08 11:21:06,053 - DEBUG - Getting OID 1.3.6.1.2.1.2.2.1.6.1...
2024-03-08 11:21:07,169 - DEBUG - Error: No SNMP response received before timeout
2024-03-08 11:21:07,169 - DEBUG - Getting OID 1.3.6.1.2.1.47.1.1.1.1.11.1...
2024-03-08 11:21:08,290 - DEBUG - Error: No SNMP response received before timeout
2024-03-08 11:22:40,228 - INFO - Starting SNMP scanner...
2024-03-08 11:22:40,229 - INFO - Operating in OFFLINE mode. Using local configuration.
2024-03-08 11:22:40,229 - INFO - Local SNMP configuration parsed successfully
2024-03-08 11:22:40,229 - INFO - Starting network scan...
2024-03-08 11:22:40,229 - DEBUG - ======== Scanning 172.18.15.245 with community 'public' ========
2024-03-08 11:22:40,229 - DEBUG - Getting OID 1.3.6.1.2.1.1.1.0...
2024-03-08 11:22:40,356 - DEBUG - OID: 1.3.6.1.2.1.1.1.0 - SNMPv2-MIB::sysDescr.0 = HP ETHERNET MULTI-ENVIRONMENT,SN:CNB9JD17LW,FN:VW7199D,SVCID:27023,PID:HP LaserJet 500 colorMFP M570dn
2024-03-08 11:22:40,357 - DEBUG - Getting OID 1.3.6.1.2.1.1.5.0...
2024-03-08 11:22:40,462 - DEBUG - OID: 1.3.6.1.2.1.1.5.0 - SNMPv2-MIB::sysName.0 = NPIA634B0
2024-03-08 11:22:40,462 - DEBUG - Getting OID 1.3.6.1.2.1.2.2.1.6.1...
2024-03-08 11:22:40,588 - DEBUG - OID: 1.3.6.1.2.1.2.2.1.6.1 - SNMPv2-SMI::mib-2.2.2.1.6.1 = 
2024-03-08 11:22:40,588 - DEBUG - Getting OID 1.3.6.1.2.1.47.1.1.1.1.11.1...
2024-03-08 11:22:40,702 - DEBUG - OID: 1.3.6.1.2.1.47.1.1.1.1.11.1 - SNMPv2-SMI::mib-2.47.1.1.1.1.11.1 = No Such Object currently exists at this OID
2024-03-08 11:22:40,702 - DEBUG - ======== Scanning 192.168.1.8 with community 'public' ========
2024-03-08 11:22:40,702 - DEBUG - Getting OID 1.3.6.1.2.1.1.1.0...
2024-03-08 11:22:42,819 - DEBUG - Error: No SNMP response received before timeout
2024-03-08 11:22:42,820 - DEBUG - Getting OID 1.3.6.1.2.1.1.5.0...
2024-03-08 11:22:44,947 - DEBUG - Error: No SNMP response received before timeout
2024-03-08 11:22:44,948 - DEBUG - Getting OID 1.3.6.1.2.1.2.2.1.6.1...
2024-03-08 11:22:47,163 - DEBUG - Error: No SNMP response received before timeout
2024-03-08 11:22:47,163 - DEBUG - Getting OID 1.3.6.1.2.1.47.1.1.1.1.11.1...
2024-03-08 11:22:49,302 - DEBUG - Error: No SNMP response received before timeout
2024-03-08 11:22:49,303 - DEBUG - ======== Scanning 192.168.1.3 with community 'private' ========
2024-03-08 11:22:49,303 - DEBUG - Getting OID 1.3.6.1.2.1.1.1.0...
2024-03-08 11:22:50,437 - DEBUG - Error: No SNMP response received before timeout
2024-03-08 11:22:50,437 - DEBUG - Getting OID 1.3.6.1.2.1.1.5.0...
2024-03-08 11:22:51,576 - DEBUG - Error: No SNMP response received before timeout
2024-03-08 11:22:51,576 - DEBUG - Getting OID 1.3.6.1.2.1.2.2.1.6.1...
2024-03-08 11:22:52,688 - DEBUG - Error: No SNMP response received before timeout
2024-03-08 11:22:52,688 - DEBUG - Getting OID 1.3.6.1.2.1.47.1.1.1.1.11.1...
2024-03-08 11:22:53,809 - DEBUG - Error: No SNMP response received before timeout
2024-03-08 11:22:53,810 - DEBUG - ======== Scanning 192.168.1.4 with community 'private' ========
2024-03-08 11:22:53,810 - DEBUG - Getting OID 1.3.6.1.2.1.1.1.0...
2024-03-08 11:22:54,934 - DEBUG - Error: No SNMP response received before timeout
2024-03-08 11:22:54,934 - DEBUG - Getting OID 1.3.6.1.2.1.1.5.0...
2024-03-08 11:22:56,074 - DEBUG - Error: No SNMP response received before timeout
2024-03-08 11:22:56,074 - DEBUG - Getting OID 1.3.6.1.2.1.2.2.1.6.1...
2024-03-08 11:22:57,194 - DEBUG - Error: No SNMP response received before timeout
2024-03-08 11:22:57,195 - DEBUG - Getting OID 1.3.6.1.2.1.47.1.1.1.1.11.1...
2024-03-08 11:22:58,315 - DEBUG - Error: No SNMP response received before timeout
2024-03-08 11:22:58,316 - DEBUG - ======== Scanning 192.168.1.5 with community 'private' ========
2024-03-08 11:22:58,316 - DEBUG - Getting OID 1.3.6.1.2.1.1.1.0...
2024-03-08 11:22:59,432 - DEBUG - Error: No SNMP response received before timeout
2024-03-08 11:22:59,432 - DEBUG - Getting OID 1.3.6.1.2.1.1.5.0...
2024-03-08 11:23:00,571 - DEBUG - Error: No SNMP response received before timeout
2024-03-08 11:23:00,572 - DEBUG - Getting OID 1.3.6.1.2.1.2.2.1.6.1...
2024-03-08 11:23:01,692 - DEBUG - Error: No SNMP response received before timeout
2024-03-08 11:23:01,692 - DEBUG - Getting OID 1.3.6.1.2.1.47.1.1.1.1.11.1...
2024-03-08 11:23:02,824 - DEBUG - Error: No SNMP response received before timeout
2024-03-08 11:23:02,825 - DEBUG - ======== Scanning 192.168.1.6 with community 'private' ========
2024-03-08 11:23:02,825 - DEBUG - Getting OID 1.3.6.1.2.1.1.1.0...
2024-03-08 11:23:03,967 - DEBUG - Error: No SNMP response received before timeout
2024-03-08 11:23:03,968 - DEBUG - Getting OID 1.3.6.1.2.1.1.5.0...
2024-03-08 11:23:05,092 - DEBUG - Error: No SNMP response received before timeout
2024-03-08 11:23:05,092 - DEBUG - Getting OID 1.3.6.1.2.1.2.2.1.6.1...
2024-03-08 11:23:06,203 - DEBUG - Error: No SNMP response received before timeout
2024-03-08 11:23:06,204 - DEBUG - Getting OID 1.3.6.1.2.1.47.1.1.1.1.11.1...
2024-03-08 11:23:07,327 - DEBUG - Error: No SNMP response received before timeout
2024-03-08 11:23:07,327 - INFO - Device NPIA634B0-172.18.15.245 stored locally
2024-03-08 11:23:07,327 - INFO - Inventories stored locally in /home/lea/dev/Django/OCSInventory-Server-Backend-Rework/tools/SnmpScanner/files. Scan complete. Found a total of 1 devices.
