----------------------------------------------------------------------------------------------------
------------------------------------ MegaLinter, by OX Security ------------------------------------
----------------------------------------------------------------------------------------------------
 - Image Creation Date: 2026-06-28T12:42:39Z
 - Image Revision: ef3e84b8b836d76db562d0f3ed7da61e8fd538bc
 - Image Version: v9.6.0
----------------------------------------------------------------------------------------------------
The MegaLinter documentation can be found at:
 - https://megalinter.io/9.6.0
----------------------------------------------------------------------------------------------------
::group::MegaLinter initialization (expand for details)
MegaLinter will analyze workspace [/github/workspace]
GITHUB_REPOSITORY: OCSInventory-NG/OCSInventory-SNMP-Scanner
GITHUB_REF: refs/pull/10/merge
GITHUB_RUN_ID: 29105101708
PAT: not set

REPOSITORY_GITLEAKS is deprecated and will be removed in a future major release. gitleaks has been superseded by betterleaks, a faster and more accurate secrets scanner created by the same author. Please migrate to REPOSITORY_BETTERLEAKS. Disable gitleaks by adding REPOSITORY_GITLEAKS to DISABLE_LINTERS in your .mega-linter.yml. See <https://github.com/betterleaks/betterleaks>. Add REPOSITORY_GITLEAKS to DISABLE_LINTERS in your .mega-linter.yml to disable it.
Skipped linters: ACTION_ZIZMOR, ANSIBLE_ANSIBLE_LINT, BASH_EXEC, BASH_SHELLCHECK, BASH_SHFMT, COPYPASTE_JSCPD, CPP_CPPCHECK, CPP_CPPLINT, CSS_STYLELINT, C_CPPCHECK, C_CPPLINT, DOCKERFILE_HADOLINT, EDITORCONFIG_EDITORCONFIG_CHECKER, ENV_DOTENV_LINTER, GRAPHQL_GRAPHQL_SCHEMA_LINTER, GROOVY_NPM_GROOVY_LINT, HTML_DJLINT, HTML_HTMLHINT, JSON_JSONLINT, JSON_PRETTIER, JSON_V8R, KOTLIN_DETEKT, KOTLIN_KTLINT, KUBERNETES_HELM, KUBERNETES_KUBECONFORM, KUBERNETES_KUBESCAPE, MARKDOWN_MARKDOWNLINT, MARKDOWN_MARKDOWN_TABLE_FORMATTER, MARKDOWN_RUMDL, PROTOBUF_PROTOLINT, PYTHON_BANDIT, PYTHON_MYPY, PYTHON_NBQA_MYPY, PYTHON_PYLINT, PYTHON_PYRIGHT, PYTHON_RUFF_FORMAT, REPOSITORY_BETTERLEAKS, REPOSITORY_LS_LINT, REPOSITORY_OSV_SCANNER, REPOSITORY_SECRETLINT, REPOSITORY_SEMGREP, REPOSITORY_TRUFFLEHOG, RST_RSTCHECK, RST_RSTFMT, RST_RST_LINT, SNAKEMAKE_LINT, SNAKEMAKE_SNAKEFMT, SPELL_CODESPELL, SPELL_CSPELL, SPELL_LYCHEE, SPELL_PROSELINT, SPELL_VALE, SQL_SQLFLUFF, TEKTON_TEKTON_LINT, XML_XMLLINT
[ApiReporter] Not enabled as API_REPORTER is not defined to true
::endgroup::
::group::MegaLinter now collects the files to analyse (expand for details)
Listing all files in directory [/github/workspace], then filter with:
- File extensions: .ipynb, .pxd, .py, .pyi, .pyx, .yaml, .yml
- Excluding regex: (snmpScanner/|files/|logs/)
- Excluding .gitignored files [0]: 
Kept [3] files on [14] found files

+----MATCHING LINTERS-----+--------------------+----------------+------------+
| Descriptor | Linter     | Criteria           | Matching files | Format/Fix |
+------------+------------+--------------------+----------------+------------+
| PYTHON     | black      | .py|.pyi|.ipynb    | 1              | yes        |
| PYTHON     | flake8     | .py                | 1              | no         |
| PYTHON     | isort      | .py|.pyi|.pyx|.pxd | 1              | yes        |
| PYTHON     | ruff       | .py|.pyi|.ipynb    | 1              | yes        |
| ACTION     | actionlint | .yml|.yaml         | 1              | no         |
| REPOSITORY | checkov    |                    | project        | no         |
| REPOSITORY | git_diff   |                    | project        | no         |
| REPOSITORY | gitleaks   |                    | project        | no         |
| REPOSITORY | grype      |                    | project        | no         |
| REPOSITORY | syft       |                    | project        | no         |
| REPOSITORY | trivy      |                    | project        | no         |
| REPOSITORY | trivy-sbom |                    | project        | no         |
| YAML       | prettier   | .yml|.yaml         | 2              | yes        |
| YAML       | yamllint   | .yml|.yaml         | 2              | no         |
| YAML       | v8r        | .yml|.yaml         | 2              | no         |
+------------+------------+--------------------+----------------+------------+
::endgroup::
Processing linters on [4] parallel cores… (can be decreased with variable PARALLEL_PROCESS_NUMBER in case of performance issues)
::group::[32m✅ Linted [ACTION] files with [actionlint] successfully - (0.03s)[0m (expand for details)
- Using [actionlint v1.7.12] https://megalinter.io/9.6.0/descriptors/action_actionlint
- MegaLinter key: [ACTION_ACTIONLINT]
- Rules config: identified by [actionlint]
- Number of files analyzed: [1]
- CWD: [/github/workspace]
- Command: [actionlint .github/workflows/mega-linter.yml]
::endgroup::
::group::[32m✅ Linted [PYTHON] files with [black] successfully - (2.1s)[0m (expand for details)
- Using [black v26.5.1] https://megalinter.io/9.6.0/descriptors/python_black
- MegaLinter key: [PYTHON_BLACK]
- Rules config: [pyproject.toml]
- Number of files analyzed: [1]
- CWD: [/github/workspace]
- Command: [black --config /action/lib/.automation/pyproject.toml SnmpScanner.py]
::endgroup::
::group::[32m✅ Linted [PYTHON] files with [flake8] successfully - (1.0s)[0m (expand for details)
- Using [flake8 v7.3.0] https://megalinter.io/9.6.0/descriptors/python_flake8
- MegaLinter key: [PYTHON_FLAKE8]
- Rules config: [/github/workspace/.flake8]
- Number of files analyzed: [1]
- CWD: [/github/workspace]
- Command: [flake8 --config /github/workspace/.flake8 SnmpScanner.py]
::endgroup::
::group::[32m✅ Linted [PYTHON] files with [isort] successfully - (0.47s)[0m (expand for details)
- Using [isort v8.0.1] https://megalinter.io/9.6.0/descriptors/python_isort
- MegaLinter key: [PYTHON_ISORT]
- Rules config: [.isort.cfg]
- Number of files analyzed: [1]
- CWD: [/github/workspace]
- Command: [isort --profile black --settings-file /action/lib/.automation/.isort.cfg SnmpScanner.py]
::endgroup::
::group::[32m✅ Linted [PYTHON] files with [ruff] successfully - (0.03s)[0m (expand for details)
- Using [ruff v0.15.20] https://megalinter.io/9.6.0/descriptors/python_ruff
- MegaLinter key: [PYTHON_RUFF]
- Rules config: [/github/workspace/.ruff.toml]
- Number of files analyzed: [1]
- CWD: [/github/workspace]
- Command: [ruff check --fix --config /github/workspace/.ruff.toml SnmpScanner.py]
::endgroup::
::group::[32m✅ Linted [REPOSITORY] files with [checkov] successfully - (18.93s)[0m (expand for details)
- Using [checkov v3.3.2] https://megalinter.io/9.6.0/descriptors/repository_checkov
- MegaLinter key: [REPOSITORY_CHECKOV]
- Rules config: [.checkov.yml]
- CWD: [/github/workspace]
- Command: [checkov --config-file /action/lib/.automation/.checkov.yml --directory .]
::endgroup::
::group::[32m✅ Linted [REPOSITORY] files with [gitleaks] successfully - (0.32s)[0m (expand for details)
- Using [gitleaks v8.30.1] https://megalinter.io/9.6.0/descriptors/repository_gitleaks
- MegaLinter key: [REPOSITORY_GITLEAKS]
- Rules config: [.gitleaks.toml]
- CWD: [/github/workspace]
- Command: [gitleaks detect --redact -c /action/lib/.automation/.gitleaks.toml --verbose --source .]
::endgroup::
::group::[32m✅ Linted [REPOSITORY] files with [git_diff] successfully - (0.01s)[0m (expand for details)
- Using [git_diff v2.54.0] https://megalinter.io/9.6.0/descriptors/repository_git_diff
- MegaLinter key: [REPOSITORY_GIT_DIFF]
- Rules config: identified by [git_diff]
- CWD: [/github/workspace]
- Command: [git diff --check]
::endgroup::
::group::[32m✅ Linted [REPOSITORY] files with [grype] successfully - (49.52s)[0m (expand for details)
- Using [grype v0.115.0] https://megalinter.io/9.6.0/descriptors/repository_grype
- MegaLinter key: [REPOSITORY_GRYPE]
- Rules config: [.grype.yaml]
- CWD: [/github/workspace]
- Command: [grype --config /action/lib/.automation/.grype.yaml dir:.]
::endgroup::
::group::[32m✅ Linted [REPOSITORY] files with [syft] successfully - (1.95s)[0m (expand for details)
- Using [syft v1.46.0] https://megalinter.io/9.6.0/descriptors/repository_syft
- MegaLinter key: [REPOSITORY_SYFT]
- Rules config: identified by [syft]
- CWD: [/github/workspace]
- Command: [syft scan .]
::endgroup::
::group::[32m✅ Linted [REPOSITORY] files with [trivy] successfully - (9.69s)[0m (expand for details)
- Using [trivy v0.71.2] https://megalinter.io/9.6.0/descriptors/repository_trivy
- MegaLinter key: [REPOSITORY_TRIVY]
- Rules config: identified by [trivy]
- CWD: [/github/workspace]
- Command: [trivy fs --scanners vuln,misconfig --exit-code 1 .]
::endgroup::
::group::[32m✅ Linted [REPOSITORY] files with [trivy-sbom] successfully - (0.27s)[0m (expand for details)
- Using [trivy-sbom v0.71.2] https://megalinter.io/9.6.0/descriptors/repository_trivy_sbom
- MegaLinter key: [REPOSITORY_TRIVY_SBOM]
- Rules config: identified by [trivy-sbom]
- CWD: [/github/workspace]
- Command: [trivy fs --format cyclonedx .]
::endgroup::
::group::[32m✅ Linted [YAML] files with [prettier] successfully - (0.5s)[0m (expand for details)
- Using [prettier v3.8.4] https://megalinter.io/9.6.0/descriptors/yaml_prettier
- MegaLinter key: [YAML_PRETTIER]
- Rules config: identified by [prettier]
- Number of files analyzed: [2]
- CWD: [/github/workspace]
- Command: [prettier --write .github/workflows/mega-linter.yml .mega-linter.yml]
::endgroup::
::group::[32m✅ Linted [YAML] files with [v8r] successfully - (5.77s)[0m (expand for details)
- Using [v8r v6.1.0] https://megalinter.io/9.6.0/descriptors/yaml_v8r
- MegaLinter key: [YAML_V8R]
- Rules config: identified by [v8r]
- Number of files analyzed: [2]
- CWD: [/github/workspace]
- Command: [v8r --ignore-errors .github/workflows/mega-linter.yml .mega-linter.yml]
::endgroup::
::group::[32m✅ Linted [YAML] files with [yamllint] successfully - (0.53s)[0m (expand for details)
- Using [yamllint v1.38.0] https://megalinter.io/9.6.0/descriptors/yaml_yamllint
- MegaLinter key: [YAML_YAMLLINT]
- Rules config: [.yamllint.yml]
- Number of files analyzed: [2]
- CWD: [/github/workspace]
- Command: [yamllint --format standard -c /action/lib/.automation/.yamllint.yml .github/workflows/mega-linter.yml .mega-linter.yml]
::endgroup::
[GitHub Comment Reporter] Posted summary as comment on OCSInventory-NG/OCSInventory-SNMP-Scanner #PR10

+----SUMMARY----+------------+---------------+-------+-------+--------+----------+--------------+
| Descriptor    | Linter     | Mode          | Files | Fixed | Errors | Warnings | Elapsed time |
+---------------+------------+---------------+-------+-------+--------+----------+--------------+
| ✅ ACTION     | actionlint | list_of_files |     1 |       |      0 |        0 | 0.03s        |
| ✅ PYTHON     | black      | list_of_files |     1 |     0 |      0 |        0 | 2.1s         |
| ✅ PYTHON     | flake8     | list_of_files |     1 |       |      0 |        0 | 1.0s         |
| ✅ PYTHON     | isort      | list_of_files |     1 |     0 |      0 |        0 | 0.47s        |
| ✅ PYTHON     | ruff       | list_of_files |     1 |     0 |      0 |        0 | 0.03s        |
| ✅ REPOSITORY | checkov    | project       |   n/a |       |      0 |        0 | 18.93s       |
| ✅ REPOSITORY | gitleaks   | project       |   n/a |       |      0 |        0 | 0.32s        |
| ✅ REPOSITORY | git_diff   | project       |   n/a |       |      0 |        0 | 0.01s        |
| ✅ REPOSITORY | grype      | project       |   n/a |       |      0 |        0 | 49.52s       |
| ✅ REPOSITORY | syft       | project       |   n/a |       |      0 |        0 | 1.95s        |
| ✅ REPOSITORY | trivy      | project       |   n/a |       |      0 |        0 | 9.69s        |
| ✅ REPOSITORY | trivy-sbom | project       |   n/a |       |      0 |        0 | 0.27s        |
| ✅ YAML       | prettier   | list_of_files |     2 |     1 |      0 |        0 | 0.5s         |
| ✅ YAML       | v8r        | list_of_files |     2 |       |      0 |        0 | 5.77s        |
| ✅ YAML       | yamllint   | list_of_files |     2 |       |      0 |        0 | 0.53s        |
+---------------+------------+---------------+-------+-------+--------+----------+--------------+

[34m📣 **MegaLinter 9.5.0 is out!** Discover the new features and security recommendations in the [release announcement](https://github.com/oxsecurity/megalinter/issues/7835). (Skip this info by defining `SECURITY_SUGGESTIONS: false`)[0m

[Updated Sources Reporter] copied 1 fixed source files in folder /github/workspace/megalinter-reports/updated_sources.
[JSON Reporter] Generated JSON report: /github/workspace/megalinter-reports/mega-linter-report.json
[MARKDOWN_SUMMARY Reporter] Generated MARKDOWN_SUMMARY report: /github/workspace/megalinter-reports/megalinter-report.md
[MARKDOWN_SUMMARY Reporter] Also appended to GITHUB_STEP_SUMMARY: /github/file_commands/step_summary_36c3ec03-d0d6-4032-827b-e4957113b4d4
[32m✅ Successfully linted all files without errors[0m
